### Write /etc/NetworkManager/system-connections/eth0.nmconnection
# Automatically generated, do not edit
[connection]
id=eth0
uuid=
type=802-3-ethernet

[ipv4]
method=auto

[802-3-ethernet]
mac_address=bc:76:4e:01:62:86
### Write /etc/NetworkManager/system-connections/eth1.nmconnection
# Automatically generated, do not edit
[connection]
id=eth1
uuid=
type=802-3-ethernet

[ipv4]
method=auto

[802-3-ethernet]
mac_address=bc:76:4e:05:7b:06
### Write /etc/NetworkManager/system-connections/eth3.nmconnection
# Automatically generated, do not edit
[connection]
id=eth3
uuid=
type=802-3-ethernet

[ipv4]
method=auto

[802-3-ethernet]
mac_address=bc:76:4e:12:a4:bb
