### Write /etc/resolv.conf
nameserver 72.3.128.241
nameserver 72.3.128.240
### Write /etc/NetworkManager/system-connections/eth0.nmconnection
# Automatically generated, do not edit
[connection]
id=eth0
uuid=
type=802-3-ethernet

[ipv4]
method=manual
address1=23.253.229.154/24
route1=0.0.0.0/0,23.253.229.1

[802-3-ethernet]
mac_address=bc:76:4e:01:62:86
### Write /etc/NetworkManager/system-connections/eth1.nmconnection
# Automatically generated, do not edit
[connection]
id=eth1
uuid=
type=802-3-ethernet

[ipv4]
method=manual
address1=10.208.169.118/19
route1=10.176.0.0/12,10.208.160.1
route2=10.208.0.0/12,10.208.160.1

[802-3-ethernet]
mac_address=bc:76:4e:05:7b:06
### Write /etc/NetworkManager/system-connections/eth3.nmconnection
# Automatically generated, do not edit
[connection]
id=eth3
uuid=
type=802-3-ethernet

[ipv4]
method=auto

[802-3-ethernet]
mac_address=bc:76:4e:12:a4:bb
### Write /etc/NetworkManager/system-connections/eth4.25.nmconnection
# Automatically generated, do not edit
[connection]
id=eth4.25
uuid=
type=802-3-ethernet

[ipv4]
method=auto

[802-3-ethernet]
mac_address=bc:76:4e:12:a4:bc

[vlan]
id=25
parent=ethwithvlan
### Write /etc/NetworkManager/system-connections/eth4.26.nmconnection
# Automatically generated, do not edit
[connection]
id=eth4.26
uuid=
type=802-3-ethernet

[ipv4]
method=auto

[802-3-ethernet]
mac_address=bc:76:4e:12:a4:bd

[vlan]
id=26
parent=ethwithvlan
### Write /etc/NetworkManager/system-connections/eth5.nmconnection
# Automatically generated, do not edit
[connection]
id=eth5
uuid=
type=802-3-ethernet

[ipv4]
method=manual

[802-3-ethernet]
mac_address=bc:76:4e:05:7b:13
master=bond0
slave-type=bond
### Write /etc/NetworkManager/system-connections/eth6.nmconnection
# Automatically generated, do not edit
[connection]
id=eth6
uuid=
type=802-3-ethernet

[ipv4]
method=manual

[802-3-ethernet]
mac_address=bc:76:4e:05:7b:14
master=bond0
slave-type=bond
### Write /etc/NetworkManager/system-connections/bond0.nmconnection
# Automatically generated, do not edit
[connection]
id=bond0
uuid=
type=802-3-ethernet

[ipv4]
method=auto

[802-3-ethernet]
mac_address=bc:76:4e:05:7b:13
type=bond
### Write /etc/NetworkManager/system-connections/eth7.nmconnection
# Automatically generated, do not edit
[connection]
id=eth7
uuid=
type=802-3-ethernet

[ipv4]
method=manual

[802-3-ethernet]
mac_address=bc:76:4e:05:7b:15
master=bond1
slave-type=bond
### Write /etc/NetworkManager/system-connections/eth8.nmconnection
# Automatically generated, do not edit
[connection]
id=eth8
uuid=
type=802-3-ethernet

[ipv4]
method=manual

[802-3-ethernet]
mac_address=bc:76:4e:05:7b:16
master=bond1
slave-type=bond
### Write /etc/NetworkManager/system-connections/bond1.nmconnection
# Automatically generated, do not edit
[connection]
id=bond1
uuid=
type=802-3-ethernet

[ipv4]
method=manual

[802-3-ethernet]
mac_address=bc:76:4e:05:7b:15
type=bond
### Write /etc/NetworkManager/system-connections/bond1.27.nmconnection
# Automatically generated, do not edit
[connection]
id=bond1.27
uuid=
type=802-3-ethernet

[ipv4]
method=auto

[802-3-ethernet]
mac_address=bc:76:4e:12:a4:be

[vlan]
id=27
parent=bond1
